// Jest Snapshot v1, https://goo.gl/fbAQLP

exports[`renders home page with welcome message 1`] = `
<div
  class="sc-beySPh cIGrgw"
  data-testid="home-page-container"
>
  <div
    class="card"
    style="width: 18rem;"
  >
    <div
      class="card-body"
    >
      <div
        class="card-title h5"
      >
        Welcome to the application.
      </div>
    </div>
  </div>
</div>
`;
