// Jest Snapshot v1, https://goo.gl/fbAQLP

exports[`SignupPage renders the sign-up page correctly 1`] = `
<div
  class="sc-beySPh cIGrgw"
  data-testid="signup-page-container"
>
  <div
    class="sc-guDLey fbkvNj card"
  >
    <div
      class="sc-dmyCSP kWnFwo card-title h5"
    >
      Sign Up Page
    </div>
    <form
      class="sc-hLQSwg cCqvVm"
      novalidate=""
    >
      <div
        class="col-md-12"
      >
        <label
          class="form-label"
          for="validationFormikName"
        >
          Name
        </label>
        <div
          class="input-group has-validation"
        >
          <input
            aria-describedby="inputGroupPrepend"
            class="form-control"
            id="validationFormikName"
            name="name"
            placeholder="Your Name"
            type="text"
            value=""
          />
        </div>
      </div>
      <div
        class="col-md-12"
      >
        <label
          class="form-label"
          for="validationFormikEmail"
        >
          Email
        </label>
        <div
          class="input-group has-validation"
        >
          <input
            aria-describedby="inputGroupPrepend"
            class="form-control"
            id="validationFormikEmail"
            name="email"
            placeholder="Your email address"
            type="text"
            value=""
          />
        </div>
      </div>
      <div
        class="col-md-12"
      >
        <label
          class="form-label"
          for="validationFormikPassword"
        >
          Password
        </label>
        <div
          class="input-group has-validation"
        >
          <input
            aria-describedby="inputGroupPrepend"
            class="form-control"
            id="validationFormikPassword"
            name="password"
            placeholder="Your Password"
            type="password"
            value=""
          />
        </div>
      </div>
      <div>
        <span>
          Already have an account?
        </span>
         
        <a
          href="/signin"
        >
          Sign In
        </a>
      </div>
      <button
        class="sc-eDLKkx jYVFEp"
        type="submit"
      >
        Sign Up
      </button>
    </form>
  </div>
</div>
`;
